files/94.csv
id,week,center_id,meal_id,checkout_price,base_price,emailer_for_promotion,homepage_featured,num_orders
1414531,1,94,2444,658.63,660.63,0,1,41
1212135,2,94,2444,660.63,660.63,0,1,13
1277486,4,94,2444,659.63,659.63,0,0,69
1156168,5,94,2444,485.03,659.63,1,1,418
1209274,6,94,2444,484.03,659.63,0,0,175
1186190,41,94,2444,518.04,516.04,0,0,94
1275625,42,94,2444,646.05,646.05,0,0,68
1061225,43,94,2444,631.53,631.53,0,0,14
1292440,44,94,2444,629.53,631.53,0,0,67
1360265,45,94,2444,631.53,629.53,0,0,42
1264523,46,94,2444,631.53,629.53,0,0,28
1496898,47,94,2444,629.53,629.53,0,0,41
1283697,48,94,2444,631.53,631.53,0,0,95
1063438,49,94,2444,630.53,630.53,0,0,26
1043159,50,94,2444,630.53,631.53,0,0,41
1094240,51,94,2444,631.53,631.53,0,0,13
1061642,52,94,2444,388.03,629.53,1,1,365
1438090,53,94,2444,398.7,629.53,1,0,405
1315566,54,94,2444,629.53,631.53,0,0,42
1374469,55,94,2444,630.53,629.53,0,0,13
1130551,56,94,2444,709.13,709.13,0,0,42
1470117,57,94,2444,681.94,682.94,0,0,40
1486322,58,94,2444,631.53,629.53,0,0,41
1156076,59,94,2444,637.35,635.35,0,0,190
1392034,60,94,2444,485.03,636.35,1,0,123
1395296,61,94,2444,631.53,630.53,0,0,41
1361433,63,94,2444,656.72,655.72,0,0,41
1092949,64,94,2444,631.53,630.53,0,0,134
1419017,65,94,2444,485.03,631.53,1,0,15
1054400,66,94,2444,629.53,629.53,0,0,96
1096718,67,94,2444,631.53,629.53,0,0,41
1136330,68,94,2444,629.53,630.53,0,0,67
1388307,69,94,2444,484.03,631.53,1,1,310
1437362,70,94,2444,484.03,629.53,1,1,203
1245009,71,94,2444,629.53,631.53,0,0,40
1140627,72,94,2444,631.53,631.53,0,0,40
1191321,73,94,2444,630.53,630.53,0,0,94
1098919,74,94,2444,630.53,630.53,0,0,14
1195773,75,94,2444,630.53,631.53,0,0,28
1177762,76,94,2444,553.93,629.53,0,0,41
1219317,77,94,2444,515.13,631.53,0,0,67
1480264,78,94,2444,515.13,629.53,0,0,54
1109235,79,94,2444,514.13,629.53,0,0,26
1438872,80,94,2444,514.13,629.53,0,0,95
1165589,81,94,2444,607.25,607.25,0,0,68
1435331,82,94,2444,631.53,631.53,0,0,55
1204146,84,94,2444,680.94,681.94,0,0,41
1111862,85,94,2444,709.13,708.13,0,0,14
1461326,86,94,2444,707.13,708.13,0,0,15
1401753,88,94,2444,707.13,707.13,0,0,14
1153702,90,94,2444,436.53,708.13,1,0,94
1071022,91,94,2444,436.53,708.13,1,0,41
1115052,92,94,2444,707.13,707.13,0,0,14
1449269,94,94,2444,437.53,709.13,1,1,189
1351620,95,94,2444,430.74,707.13,1,1,190
1472155,96,94,2444,708.13,709.13,0,0,13
1325711,98,94,2444,709.13,707.13,0,0,28
1155521,100,94,2444,435.53,708.13,1,1,188
1274997,101,94,2444,437.53,708.13,0,0,109
1448454,102,94,2444,707.13,709.13,0,0,41
1466486,104,94,2444,709.13,708.13,0,0,27
1037786,106,94,2444,484.03,709.13,1,1,96
1308273,107,94,2444,506.4,708.13,1,1,136
1022099,109,94,2444,709.13,709.13,0,0,27
1486667,110,94,2444,387.03,709.13,1,0,134
1040072,111,94,2444,709.13,708.13,0,0,13
1040260,112,94,2444,708.13,709.13,0,0,53
1254174,113,94,2444,708.13,708.13,0,0,15
1243965,116,94,2444,707.13,708.13,0,0,27
1090967,117,94,2444,728.53,728.53,0,0,41
1150510,118,94,2444,727.53,728.53,0,0,54
1398662,119,94,2444,726.53,726.53,0,0,28
1494866,120,94,2444,727.53,728.53,0,0,15
1106207,121,94,2444,726.53,727.53,0,0,53
1120813,122,94,2444,486.03,727.53,1,0,95
1249776,123,94,2444,453.02,728.53,1,0,121
1119140,124,94,2444,727.53,726.53,0,0,42
1046345,125,94,2444,726.53,727.53,0,0,67
1042396,126,94,2444,728.53,727.53,0,0,81
1283281,127,94,2444,727.53,727.53,0,0,28
1413228,128,94,2444,753.72,752.72,0,0,40
1202417,129,94,2444,767.33,767.33,0,0,55
1313025,130,94,2444,767.33,767.33,0,0,15
1124655,131,94,2444,766.33,766.33,0,0,15
1184254,132,94,2444,765.33,765.33,0,0,28
1375425,133,94,2444,484.03,767.33,1,0,55
1230151,134,94,2444,484.03,767.33,1,1,189
1113963,136,94,2444,767.33,766.33,0,0,13
1342087,138,94,2444,740.14,741.14,0,0,42
1284615,140,94,2444,727.53,727.53,0,0,13
1024352,142,94,2444,726.53,728.53,0,0,13
1269215,143,94,2444,583.03,728.53,0,0,69
1391027,144,94,2444,582.03,728.53,1,1,27
1102738,1,94,2867,658.63,659.63,0,0,15
1388029,4,94,2867,659.63,659.63,0,0,40
1081017,41,94,2867,530.65,528.65,0,0,69
1281719,44,94,2867,630.53,630.53,0,0,68
1410559,45,94,2867,630.53,629.53,0,0,53
1102538,46,94,2867,630.53,630.53,0,0,28
1381770,47,94,2867,630.53,630.53,0,0,27
1424626,48,94,2867,629.53,630.53,0,0,14
1337868,50,94,2867,630.53,629.53,0,0,41
1466145,51,94,2867,631.53,630.53,0,0,15
1186377,52,94,2867,387.03,629.53,1,0,162
1151408,53,94,2867,389.03,631.53,1,0,107
1155887,54,94,2867,631.53,629.53,0,0,15
1138927,55,94,2867,629.53,630.53,0,0,42
1396656,56,94,2867,708.13,707.13,0,0,13
1289244,60,94,2867,486.03,708.13,1,0,14
1350661,61,94,2867,630.53,707.13,0,0,13
1497071,62,94,2867,657.72,656.72,0,0,27
1154442,63,94,2867,631.53,631.53,0,0,40
1427794,64,94,2867,631.53,630.53,0,0,28
1359218,65,94,2867,484.03,629.53,1,0,82
1163205,66,94,2867,630.53,629.53,0,0,26
1215567,67,94,2867,629.53,629.53,0,0,26
1121964,68,94,2867,629.53,630.53,0,0,26
1275912,69,94,2867,484.03,631.53,1,1,134
1181926,70,94,2867,484.03,630.53,1,1,95
1075733,72,94,2867,629.53,631.53,0,0,15
1110974,74,94,2867,630.53,631.53,0,0,82
1488075,75,94,2867,629.53,630.53,0,0,54
1484726,77,94,2867,514.13,629.53,0,0,68
1305585,78,94,2867,515.13,630.53,0,0,27
1154982,79,94,2867,514.13,630.53,0,0,55
1322782,80,94,2867,513.13,631.53,0,0,28
1371873,81,94,2867,630.53,630.53,0,0,15
1452654,82,94,2867,630.53,630.53,0,0,13
1062390,83,94,2867,630.53,629.53,0,0,53
1355726,87,94,2867,709.13,708.13,0,0,14
1358593,89,94,2867,709.13,708.13,0,0,13
1333866,91,94,2867,437.53,708.13,1,0,13
1407335,93,94,2867,708.13,707.13,0,0,26
1363252,94,94,2867,437.53,707.13,1,1,109
1339022,95,94,2867,435.53,707.13,1,1,68
1275197,97,94,2867,707.13,707.13,0,0,40
1107652,99,94,2867,709.13,707.13,0,0,26
1212199,100,94,2867,436.53,707.13,1,1,82
1046112,101,94,2867,436.53,709.13,0,0,15
1425161,102,94,2867,709.13,708.13,0,0,13
1491703,104,94,2867,709.13,709.13,0,0,27
1492641,105,94,2867,707.13,708.13,0,0,14
1391684,106,94,2867,486.03,708.13,1,0,53
1066006,107,94,2867,485.03,707.13,1,0,26
1213641,108,94,2867,709.13,709.13,0,0,15
1397118,109,94,2867,709.13,707.13,0,0,28
1256530,110,94,2867,493.73,707.13,1,0,41
1116673,111,94,2867,707.13,709.13,0,0,41
1358037,113,94,2867,709.13,708.13,0,0,13
1439705,114,94,2867,707.13,708.13,0,0,13
1499261,115,94,2867,707.13,709.13,0,0,40
1184299,117,94,2867,727.53,727.53,0,0,15
1169642,118,94,2867,728.53,728.53,0,0,15
1231420,119,94,2867,726.53,728.53,0,0,26
1311938,120,94,2867,726.53,728.53,0,0,27
1308414,122,94,2867,474.39,726.53,1,0,53
1422904,123,94,2867,469.54,728.53,1,0,41
1488469,125,94,2867,727.53,728.53,0,0,26
1241500,126,94,2867,728.53,728.53,0,0,42
1306067,127,94,2867,727.53,726.53,0,0,14
1493434,134,94,2867,484.03,728.53,1,0,40
1154150,138,94,2867,728.53,728.53,0,0,14
1095037,140,94,2867,728.53,727.53,0,0,15
1363959,142,94,2867,728.53,726.53,0,0,13
1394863,143,94,2867,582.03,728.53,0,0,28
1155517,145,94,2867,728.53,727.53,0,0,28
1237374,1,94,2760,231.83,231.83,0,0,26
1216957,2,94,2760,231.83,232.83,0,0,42
1076378,3,94,2760,231.83,231.83,0,0,68
1433860,4,94,2760,232.83,231.83,0,0,123
1235559,5,94,2760,233.83,233.83,0,0,41
1297398,6,94,2760,232.83,233.83,0,0,67
1015461,7,94,2760,233.83,232.83,0,0,67
1196708,8,94,2760,231.83,233.83,0,0,14
1199675,9,94,2760,233.83,232.83,0,0,14
1207702,10,94,2760,232.83,232.83,0,0,26
1259943,11,94,2760,233.83,231.83,0,0,14
1217821,12,94,2760,233.83,231.83,0,0,54
1284135,13,94,2760,194,232.83,0,0,94
1106799,14,94,2760,195,232.83,0,0,14
1216625,15,94,2760,194,232.83,0,0,15
1315167,16,94,2760,196,232.83,0,0,28
1064581,17,94,2760,219.22,220.22,0,0,42
1103379,18,94,2760,232.83,232.83,0,0,55
1264564,20,94,2760,231.83,233.83,0,0,69
1348429,21,94,2760,233.83,231.83,0,0,42
1171348,22,94,2760,232.83,233.83,0,0,15
1429095,24,94,2760,231.83,233.83,0,0,42
1033973,25,94,2760,204.73,231.83,0,0,28
1316316,26,94,2760,174.63,231.83,0,0,107
1457419,27,94,2760,174.63,233.83,0,0,53
1264335,28,94,2760,233.83,233.83,0,0,13
1158676,29,94,2760,233.83,232.83,0,0,26
1056995,30,94,2760,231.83,231.83,0,0,26
1418966,31,94,2760,232.83,233.83,0,0,13
1434421,32,94,2760,232.83,232.83,0,0,15
1204033,33,94,2760,233.83,233.83,0,0,42
1159263,34,94,2760,232.83,232.83,0,0,13
1498673,35,94,2760,232.83,231.83,0,0,55
1499168,36,94,2760,231.83,231.83,0,0,40
1010899,37,94,2760,233.83,233.83,0,0,13
1139751,38,94,2760,231.83,231.83,0,0,40
1206612,39,94,2760,173.63,232.83,0,0,28
1427803,41,94,2760,175.63,231.83,0,0,14
1483046,42,94,2760,173.63,232.83,0,0,27
1206905,43,94,2760,233.83,233.83,0,0,42
1318790,45,94,2760,231.83,233.83,0,0,27
1430980,46,94,2760,175.63,232.83,0,0,54
1443912,47,94,2760,173.63,232.83,0,0,81
1066523,48,94,2760,175.63,232.83,0,0,55
1174944,49,94,2760,174.63,231.83,0,0,190
1391231,50,94,2760,175.63,232.83,0,0,311
1097867,51,94,2760,182.36,233.83,0,0,108
1421106,52,94,2760,173.63,175.63,0,0,67
1131358,53,94,2760,196,194,0,0,41
1461463,54,94,2760,218.25,218.25,0,0,26
1453824,55,94,2760,195,218.25,0,0,27
1194640,57,94,2760,243.53,242.53,0,0,54
1161463,58,94,2760,241.53,241.53,0,0,68
1261028,59,94,2760,204.7,243.53,0,0,68
1410776,60,94,2760,196,242.53,0,0,28
1135402,61,94,2760,194,243.53,0,0,53
1310497,62,94,2760,211.52,242.53,0,0,41
1249858,63,94,2760,243.53,242.53,0,0,28
1475220,64,94,2760,242.53,241.53,0,0,55
1361628,65,94,2760,243.53,243.53,0,0,42
1288920,66,94,2760,195,243.53,0,0,41
1171044,67,94,2760,195,241.53,0,0,55
1437665,68,94,2760,195,241.53,0,0,42
1057654,69,94,2760,196,243.53,0,0,40
1008787,70,94,2760,243.53,242.53,0,0,41
1418238,71,94,2760,241.53,242.53,0,0,69
1374878,72,94,2760,243.53,241.53,0,0,27
1212872,73,94,2760,243.53,242.53,0,0,28
1097595,74,94,2760,241.53,243.53,0,0,69
1131701,75,94,2760,241.53,242.53,0,0,13
1378404,76,94,2760,209.52,241.53,0,0,42
1429631,77,94,2760,196,241.53,0,0,82
1155224,78,94,2760,194,242.53,0,1,123
1024684,79,94,2760,196,242.53,0,1,95
1190774,80,94,2760,194,243.53,0,1,96
1224638,81,94,2760,241.53,242.53,0,0,80
1153107,82,94,2760,243.53,241.53,0,1,55
1262022,83,94,2760,241.53,241.53,0,1,40
1368634,84,94,2760,217.31,241.53,0,1,96
1464309,85,94,2760,212.43,241.53,0,0,94
1458278,86,94,2760,243.53,241.53,0,0,15
1371159,87,94,2760,241.53,241.53,0,0,26
1338749,88,94,2760,241.53,241.53,0,0,13
1338655,89,94,2760,242.53,241.53,0,0,55
1008503,90,94,2760,242.53,242.53,0,0,14
1382387,91,94,2760,241.53,243.53,0,0,26
1111939,92,94,2760,241.53,242.53,0,0,41
1309779,93,94,2760,243.53,243.53,0,0,27
1213102,94,94,2760,243.53,243.53,0,0,26
1458238,95,94,2760,243.53,241.53,0,0,55
1136374,97,94,2760,241.53,243.53,0,0,13
1329653,98,94,2760,243.53,242.53,0,0,26
1374073,99,94,2760,241.53,243.53,0,0,28
1446926,100,94,2760,233.83,231.83,0,0,69
1040395,101,94,2760,233.83,231.83,0,0,69
1330049,102,94,2760,235.74,236.74,0,0,55
1373544,103,94,2760,232.83,233.83,0,0,69
1374618,104,94,2760,231.83,232.83,0,0,28
1454849,105,94,2760,242.53,243.53,0,0,27
1077920,107,94,2760,242.53,241.53,0,0,67
1350373,108,94,2760,241.53,241.53,0,0,14
1425157,109,94,2760,243.53,243.53,0,0,14
1137926,110,94,2760,243.53,242.53,0,0,14
1215000,111,94,2760,243.53,241.53,0,0,26
1115856,112,94,2760,241.53,242.53,0,0,26
1306118,113,94,2760,241.53,243.53,0,0,67
1005272,114,94,2760,243.53,242.53,0,0,94
1493500,115,94,2760,241.53,241.53,0,0,26
1161346,117,94,2760,241.53,243.53,0,0,15
1092834,118,94,2760,242.53,242.53,0,0,28
1389872,119,94,2760,193.03,242.53,0,1,54
1317280,120,94,2760,195.03,242.53,0,0,82
1224207,122,94,2760,262.93,262.93,0,0,27
1410674,123,94,2760,260.93,260.93,0,0,41
1030951,124,94,2760,261.93,262.93,0,0,26
1326932,125,94,2760,260.93,261.93,0,0,27
1033114,126,94,2760,261.93,261.93,0,0,26
1327627,127,94,2760,261.93,261.93,0,0,42
1388824,128,94,2760,203.76,262.93,0,0,107
1147258,129,94,2760,195.03,260.93,0,0,42
1401824,130,94,2760,194.03,262.93,0,0,27
1363484,131,94,2760,261.93,262.93,0,0,53
1201639,132,94,2760,261.93,262.93,0,0,13
1483969,135,94,2760,261.93,262.93,0,0,15
1393867,138,94,2760,261.93,262.93,0,0,14
1495406,140,94,2760,261.93,262.93,0,0,27
1259558,141,94,2760,260.93,262.93,0,0,27
1127301,142,94,2760,262.93,262.93,0,0,13
1397350,143,94,2760,262.93,261.93,0,0,27
1479887,144,94,2760,183.36,260.93,0,0,55
1334264,145,94,2760,184.36,260.93,0,0,107
1479687,1,94,1525,251.26,281.33,0,0,67
1184869,2,94,1525,243.5,281.33,0,0,53
1462659,3,94,1525,242.5,282.33,0,0,55
1458539,4,94,1525,244.5,280.33,0,0,68
1002737,5,94,1525,280.33,280.33,0,0,42
1455898,7,94,1525,280.33,282.33,0,0,14
1000776,8,94,1525,282.33,280.33,0,0,15
1241649,9,94,1525,282.33,282.33,0,1,122
1247596,10,94,1525,252.23,282.33,0,1,53
1246486,11,94,1525,241.53,280.33,0,1,53
1299854,12,94,1525,243.53,280.33,0,1,54
1198508,13,94,1525,282.33,281.33,0,1,14
1012861,14,94,1525,281.33,280.33,0,1,28
1288675,16,94,1525,281.33,280.33,0,0,28
1242080,17,94,1525,280.33,282.33,0,0,14
1362841,18,94,1525,281.33,281.33,0,0,15
1494816,19,94,1525,281.33,280.33,0,0,14
1304074,20,94,1525,280.33,280.33,0,0,13
1016052,22,94,1525,244.5,281.33,0,0,13
1029366,23,94,1525,244.5,281.33,0,0,41
1267882,24,94,1525,242.5,281.33,0,0,26
1348051,25,94,1525,290.03,290.03,0,0,13
1050343,26,94,1525,291.03,291.03,0,0,14
1052627,27,94,1525,292.03,292.03,0,0,15
1285351,28,94,1525,241.53,291.03,1,0,40
1460574,29,94,1525,241.53,290.03,1,0,27
1068479,30,94,1525,241.53,290.03,0,0,54
1374043,31,94,1525,290.03,292.03,0,0,53
1384280,32,94,1525,290.03,292.03,0,0,67
1404033,33,94,1525,290.03,292.03,0,0,13
1147915,34,94,1525,282.27,284.27,0,0,80
1361286,35,94,1525,242.5,284.27,0,0,13
1055890,36,94,1525,242.5,284.27,0,0,26
1378632,37,94,1525,242.5,282.27,0,0,68
1147476,38,94,1525,243.5,284.27,0,0,14
1106325,39,94,1525,290.03,291.03,0,0,27
1147752,40,94,1525,292.03,292.03,0,0,53
1069073,41,94,1525,290.03,292.03,0,0,27
1454408,42,94,1525,292.03,290.03,0,0,27
1079261,43,94,1525,249.35,290.03,1,1,123
1210605,44,94,1525,243.53,290.03,1,0,26
1382601,45,94,1525,258.02,291.03,0,0,41
1360083,47,94,1525,292.03,292.03,0,0,28
1214675,48,94,1525,292.03,290.03,0,0,108
1188229,49,94,1525,292.03,291.03,0,0,80
1377804,50,94,1525,290.03,291.03,0,0,54
1160579,52,94,1525,292.03,291.03,0,0,14
1428700,53,94,1525,291.03,292.03,0,0,54
1466982,54,94,1525,291.03,291.03,0,0,55
1391731,55,94,1525,292.03,291.03,0,0,14
1449714,56,94,1525,242.53,291.03,1,0,67
1281898,57,94,1525,242.53,291.03,1,0,26
1454857,58,94,1525,242.53,290.03,0,0,42
1220883,59,94,1525,291.03,291.03,0,0,40
1381277,60,94,1525,292.03,292.03,0,0,41
1095609,61,94,1525,292.03,290.03,0,0,13
1273429,62,94,1525,291.03,290.03,0,0,13
1413712,63,94,1525,242.53,291.03,1,1,67
1142424,64,94,1525,246.38,292.03,1,1,135
1426868,65,94,1525,242.53,290.03,0,1,54
1171294,66,94,1525,290.03,292.03,0,1,55
1125401,67,94,1525,290.03,291.03,0,0,55
1251840,68,94,1525,290.03,291.03,0,0,14
1166908,69,94,1525,292.03,290.03,0,0,27
1337414,70,94,1525,291.03,292.03,0,0,27
1320540,71,94,1525,291.03,292.03,0,0,28
1258834,72,94,1525,291.03,291.03,0,0,53
1055357,73,94,1525,243.5,292.03,0,1,42
1490237,74,94,1525,242.5,290.03,0,1,134
1027938,75,94,1525,244.5,290.03,0,1,163
1438244,76,94,1525,242.5,290.03,0,0,26
1498472,77,94,1525,243.5,291.03,0,0,41
1109250,78,94,1525,268.75,267.75,0,0,53
1431885,79,94,1525,291.03,291.03,0,0,68
1263771,80,94,1525,242.53,291.03,1,1,96
1184971,81,94,1525,242.53,290.03,1,0,41
1340837,82,94,1525,243.53,290.03,0,1,26
1465091,83,94,1525,290.03,291.03,0,1,53
1458955,84,94,1525,291.03,290.03,0,0,42
1141423,85,94,1525,243.5,291.03,0,0,67
1037770,86,94,1525,242.5,291.03,0,0,27
1108728,87,94,1525,242.5,291.03,1,0,55
1063946,89,94,1525,292.03,290.03,0,0,28
1042372,90,94,1525,292.03,291.03,0,0,27
1214402,91,94,1525,290.03,292.03,0,0,27
1460691,92,94,1525,290.03,291.03,0,0,14
1166198,93,94,1525,292.03,290.03,0,0,28
1211328,94,94,1525,290.03,292.03,0,0,68
1155744,96,94,1525,241.53,292.03,0,0,41
1172896,97,94,1525,242.53,290.03,0,0,53
1393744,98,94,1525,243.53,290.03,0,0,42
1434510,99,94,1525,290.03,292.03,0,0,28
1442068,100,94,1525,290.03,290.03,0,0,15
1107169,101,94,1525,292.03,290.03,0,0,14
1080519,102,94,1525,292.03,292.03,0,0,27
1093098,103,94,1525,292.03,290.03,0,0,26
1438299,105,94,1525,260.93,292.03,0,0,69
1409642,106,94,1525,260.93,290.03,0,0,15
1072119,107,94,1525,260.93,291.03,0,0,53
1387850,108,94,1525,275.48,277.48,0,0,26
1234417,109,94,1525,242.53,277.48,0,0,69
1440578,110,94,1525,267.78,266.78,0,0,28
1288488,111,94,1525,241.53,243.53,0,0,95
1401494,112,94,1525,241.53,242.53,0,0,15
1162174,113,94,1525,241.53,243.53,0,0,42
1354597,114,94,1525,242.53,243.53,0,0,54
1429993,115,94,1525,292.03,290.03,0,0,42
1495423,116,94,1525,291.03,291.03,0,0,26
1241346,117,94,1525,290.03,290.03,0,0,13
1063514,118,94,1525,290.03,292.03,0,0,15
1467156,119,94,1525,292.03,292.03,0,0,40
1069346,121,94,1525,242.53,292.03,0,0,40
1458522,122,94,1525,242.53,291.03,0,0,14
1063325,123,94,1525,242.53,292.03,0,0,42
1030580,124,94,1525,321.13,320.13,0,0,26
1494211,125,94,1525,319.13,320.13,0,0,42
1194617,126,94,1525,319.13,319.13,0,0,28
1357790,127,94,1525,319.13,321.13,0,0,80
1490274,128,94,1525,320.13,319.13,0,0,14
1296487,129,94,1525,319.13,319.13,0,0,40
1029247,130,94,1525,319.13,319.13,0,0,26
1277993,131,94,1525,260.93,320.13,0,0,15
1107950,132,94,1525,261.93,319.13,0,0,40
1255036,133,94,1525,262.93,321.13,0,0,14
1047076,134,94,1525,321.13,321.13,0,0,40
1068200,135,94,1525,321.13,321.13,0,0,26
1026657,136,94,1525,319.13,321.13,0,0,13
1252325,138,94,1525,261.93,320.13,0,0,15
1180630,139,94,1525,261.93,321.13,0,0,15
1085171,140,94,1525,320.13,321.13,0,0,26
1292846,141,94,1525,320.13,321.13,0,0,13
1207411,142,94,1525,319.13,319.13,0,0,27
1377154,143,94,1525,319.13,319.13,0,0,15
1247273,144,94,1525,321.13,320.13,0,0,27
1008359,145,94,1525,319.13,320.13,0,0,15
